
> vite_react_shadcn_ts@0.0.0 build:all
> npm run build && npm run build:public


> vite_react_shadcn_ts@0.0.0 build
> vite build

vite v7.3.5 building client environment for production...
transforming...
node_modules/@pbe/react-yandex-maps/dist/react-yandex-maps.esm.js (1:4471): A comment

"/*#__PURE__*/"

in "node_modules/@pbe/react-yandex-maps/dist/react-yandex-maps.esm.js" contains an annotation that Rollup cannot interpret due to the position of the comment. The comment will be removed to avoid issues.
node_modules/@pbe/react-yandex-maps/dist/react-yandex-maps.esm.js (1:6197): A comment

"/*#__PURE__*/"

in "node_modules/@pbe/react-yandex-maps/dist/react-yandex-maps.esm.js" contains an annotation that Rollup cannot interpret due to the position of the comment. The comment will be removed to avoid issues.
node_modules/@pbe/react-yandex-maps/dist/react-yandex-maps.esm.js (1:7493): A comment

"/*#__PURE__*/"

in "node_modules/@pbe/react-yandex-maps/dist/react-yandex-maps.esm.js" contains an annotation that Rollup cannot interpret due to the position of the comment. The comment will be removed to avoid issues.
node_modules/@pbe/react-yandex-maps/dist/react-yandex-maps.esm.js (1:10459): A comment

"/*#__PURE__*/"

in "node_modules/@pbe/react-yandex-maps/dist/react-yandex-maps.esm.js" contains an annotation that Rollup cannot interpret due to the position of the comment. The comment will be removed to avoid issues.
✓ 4004 modules transformed.
rendering chunks...
computing gzip size...
dist/index.html                                               7.87 kB │ gzip:   2.74 kB
dist/assets/logo-BY03Vnee.png                               431.60 kB
dist/assets/vendor-BnuhLJ6X.css                              15.87 kB │ gzip:   2.67 kB
dist/assets/index-_7D2sIIz.css                              295.85 kB │ gzip:  38.43 kB
dist/assets/logo-DEeOMDDZ.js                                  0.05 kB │ gzip:   0.07 kB
dist/assets/design-tokens-CK0OMywM.js                         0.19 kB │ gzip:   0.18 kB
dist/assets/featureFlags-DuiHfkbZ.js                          0.21 kB │ gzip:   0.18 kB
dist/assets/query-mnvbsp7d.js                                 0.21 kB │ gzip:   0.19 kB
dist/assets/label-DLeWv8Ou.js                                 0.33 kB │ gzip:   0.25 kB
dist/assets/progress-BHqWGusc.js                              0.43 kB │ gzip:   0.31 kB
dist/assets/communityFeed-hSmPD_ji.js                         0.44 kB │ gzip:   0.32 kB
dist/assets/NotFound-CMSW8FpJ.js                              0.66 kB │ gzip:   0.39 kB
dist/assets/checkbox-BK76Ttvj.js                              0.70 kB │ gzip:   0.40 kB
dist/assets/api-CV91XDNw.js                                   0.75 kB │ gzip:   0.38 kB
dist/assets/popover-DrWtEz9S.js                               0.77 kB │ gzip:   0.42 kB
dist/assets/badge-_TGrlYtD.js                                 0.80 kB │ gzip:   0.42 kB
dist/assets/PublicBrandBackdrop-S3MLZrDS.js                   0.80 kB │ gzip:   0.45 kB
dist/assets/switch-D5q7x49n.js                                0.81 kB │ gzip:   0.44 kB
dist/assets/ServicePhrases-wBTA1C8d.js                        1.09 kB │ gzip:   0.59 kB
dist/assets/card-BWuyk62Y.js                                  1.11 kB │ gzip:   0.45 kB
dist/assets/CardRecommendations-BjymaD5Y.js                   1.16 kB │ gzip:   0.64 kB
dist/assets/networkRepresentative-CRdnvs4A.js                 1.16 kB │ gzip:   0.55 kB
dist/assets/tabs-CRTkAXPE.js                                  1.17 kB │ gzip:   0.50 kB
dist/assets/TelegramRadarPage-DtR4A05t.js                     1.18 kB │ gzip:   0.65 kB
dist/assets/useApiData-D_yuNu7y.js                            1.26 kB │ gzip:   0.70 kB
dist/assets/SeoMeta-GNKBxn3w.js                               1.48 kB │ gzip:   0.70 kB
dist/assets/AccessBoundary-BeAkB3qM.js                        1.62 kB │ gzip:   0.81 kB
dist/assets/sticky-bottom-horizontal-scrollbar-CSo9QHAo.js    1.70 kB │ gzip:   0.88 kB
dist/assets/table-AwdYA4uh.js                                 1.71 kB │ gzip:   0.65 kB
dist/assets/subscriptionAccess-CWAsDAD4.js                    1.75 kB │ gzip:   0.82 kB
dist/assets/ArticlesPage-C1u9ivXH.js                          1.77 kB │ gzip:   0.92 kB
dist/assets/CasesPage-CQ4YCJ1M.js                             1.84 kB │ gzip:   0.94 kB
dist/assets/calendar-BnpabbBs.js                              1.89 kB │ gzip:   0.83 kB
dist/assets/DocumentsPage-OVVyLFlT.js                         1.92 kB │ gzip:   0.95 kB
dist/assets/Requisites-CQbUqFo4.js                            1.92 kB │ gzip:   0.73 kB
dist/assets/dialog-EkMS61hO.js                                2.22 kB │ gzip:   0.88 kB
dist/assets/sheet-CtUPaw27.js                                 2.24 kB │ gzip:   0.89 kB
dist/assets/DocumentDetailPage-BIggs3NT.js                    2.30 kB │ gzip:   1.15 kB
dist/assets/VerifyEmail-DpfSFZX5.js                           2.52 kB │ gzip:   1.33 kB
dist/assets/workflow-graph-8wNvpk6A.js                        2.54 kB │ gzip:   1.34 kB
dist/assets/DemoEntryPage-CmVrAttK.js                         2.82 kB │ gzip:   1.37 kB
dist/assets/CaseDetailPage-DZEMZdx-.js                        3.10 kB │ gzip:   1.28 kB
dist/assets/BusinessSwitcher-DPXytiOd.js                      3.39 kB │ gzip:   1.55 kB
dist/assets/Contact-CF6vztOY.js                               3.39 kB │ gzip:   1.30 kB
dist/assets/documents-en-CN5PaEMB.js                          3.50 kB │ gzip:   1.47 kB
dist/assets/MorePage-DJ519TAc.js                              3.54 kB │ gzip:   1.60 kB
dist/assets/ArticleDetailPage-BbLjZGmf.js                     3.58 kB │ gzip:   1.75 kB
dist/assets/DashboardPrimitives-BJjhnVEX.js                   3.90 kB │ gzip:   1.20 kB
dist/assets/documents-tr-CepUw6kU.js                          4.00 kB │ gzip:   1.64 kB
dist/assets/documents-es-CKMXECok.js                          4.05 kB │ gzip:   1.65 kB
dist/assets/documents-de-C3kCfd33.js                          4.10 kB │ gzip:   1.75 kB
dist/assets/CheckoutReturn-D4JGq3cA.js                        4.10 kB │ gzip:   1.77 kB
dist/assets/CreatorCityCombobox-XBMqpgTv.js                   4.10 kB │ gzip:   2.02 kB
dist/assets/Sprint-DKyXdDIv.js                                4.13 kB │ gzip:   1.70 kB
dist/assets/documents-fr-BFo96zkV.js                          4.30 kB │ gzip:   1.74 kB
dist/assets/CrmIntegrationRequestsAdmin-B2sYA0AP.js           4.30 kB │ gzip:   1.87 kB
dist/assets/LanguageSwitcher-BxKJmjYV.js                      4.61 kB │ gzip:   1.44 kB
dist/assets/PromotionHubPage-B10e-FYf.js                      4.73 kB │ gzip:   2.04 kB
dist/assets/GrowthPathsPage-BUwsu5hU.js                       4.86 kB │ gzip:   1.99 kB
dist/assets/SetPassword-DfQ7qQag.js                           5.01 kB │ gzip:   2.06 kB
dist/assets/cases-en-p1ydcp1f.js                              5.09 kB │ gzip:   2.08 kB
dist/assets/cases-ha-CDCAkWIr.js                              5.23 kB │ gzip:   1.95 kB
dist/assets/InfluencerCreatorCard-Z7N4BwQX.js                 5.25 kB │ gzip:   2.00 kB
dist/assets/cases-tr-BGOaMft0.js                              5.57 kB │ gzip:   2.15 kB
dist/assets/cases-de-CMss5ZD9.js                              5.92 kB │ gzip:   2.48 kB
dist/assets/cases-es-CAu76F3A.js                              5.95 kB │ gzip:   2.35 kB
dist/assets/cases-fr-CnsqlBvL.js                              6.23 kB │ gzip:   2.41 kB
dist/assets/documents-el-DolNcyLz.js                          6.54 kB │ gzip:   2.15 kB
dist/assets/Footer-CKyCYoFX.js                                6.71 kB │ gzip:   3.16 kB
dist/assets/cases-ar-DPffn3zI.js                              6.98 kB │ gzip:   2.38 kB
dist/assets/growthPathsCopy-C4MSqgwZ.js                       7.09 kB │ gzip:   2.65 kB
dist/assets/Header-C-XGr9uC.js                                7.23 kB │ gzip:   2.46 kB
dist/assets/WizardYandex-B3vJvT_-.js                          7.74 kB │ gzip:   1.98 kB
dist/assets/OutreachLearningInsights-BfMZsiep.js              7.93 kB │ gzip:   2.73 kB
dist/assets/TelegramOpportunityRadar-BrIhFqSn.js              8.16 kB │ gzip:   2.54 kB
dist/assets/TelegramConnection-BcRfL9bx.js                    8.63 kB │ gzip:   2.98 kB
dist/assets/TokenUsageStats-odlf38Hq.js                       9.10 kB │ gzip:   1.68 kB
dist/assets/AuditDisplayPrimitives-D4iXwHS0.js                9.58 kB │ gzip:   2.98 kB
dist/assets/productEvents-ChhUTxu_.js                         9.82 kB │ gzip:   4.62 kB
dist/assets/cases-el-C1rcoN-e.js                              9.96 kB │ gzip:   2.96 kB
dist/assets/cases-th-BKobpqAf.js                              9.99 kB │ gzip:   2.47 kB
dist/assets/Policy-B2IS1dBW.js                               10.30 kB │ gzip:   2.94 kB
dist/assets/TelegramSourceCatalog-OgEAL-Wo.js                10.67 kB │ gzip:   3.50 kB
dist/assets/ProxyManagement-CV7pZjSh.js                      10.94 kB │ gzip:   3.26 kB
dist/assets/CommunityFeedPage-bdRnH-9y.js                    11.27 kB │ gzip:   3.74 kB
dist/assets/WebTrackingDiagnostics-DCp0VHQM.js               11.52 kB │ gzip:   3.68 kB
dist/assets/PartnershipAnalyticsPanels-N9M284G9.js           11.62 kB │ gzip:   3.36 kB
dist/assets/YclientsConnect-D3jnai_8.js                      11.72 kB │ gzip:   3.75 kB
dist/assets/CreatorRoomPage-BY5k8V04.js                      13.12 kB │ gzip:   3.97 kB
dist/assets/AIChatPromotionPage-DuvJJHVb.js                  13.28 kB │ gzip:   5.22 kB
dist/assets/maps-Bz1hhp9Z.js                                 13.56 kB │ gzip:   3.82 kB
dist/assets/OutreachEmailSetup-DlMSIRHE.js                   14.07 kB │ gzip:   4.07 kB
dist/assets/collectionCopy-9ZoKkGhT.js                       14.12 kB │ gzip:   4.97 kB
dist/assets/useLocalizedCollections-WlkPKH25.js              15.09 kB │ gzip:   4.33 kB
dist/assets/ContentShared-8Ypf8dJB.js                        15.72 kB │ gzip:   5.61 kB
dist/assets/contentCopy-DLeRlqk1.js                          15.94 kB │ gzip:   5.76 kB
dist/assets/InfluencerRegistryPage-CX6FE7t9.js               16.07 kB │ gzip:   5.15 kB
dist/assets/ROICalculator-DUMBctSg.js                        16.99 kB │ gzip:   4.08 kB
dist/assets/JourneyAdminPage-BrUmbE7C.js                     19.89 kB │ gzip:   6.39 kB
dist/assets/OutreachDateTimePicker-BCyeiTi5.js               22.53 kB │ gzip:   7.03 kB
dist/assets/LeadJourneyPage-CCxZKv4K.js                      22.57 kB │ gzip:   7.03 kB
dist/assets/KnowledgeMarketOverview-DQ3oQjDd.js              22.82 kB │ gzip:   6.44 kB
dist/assets/Login-B5OfGdN8.js                                23.15 kB │ gzip:   6.76 kB
dist/assets/AverageTicketPage-LsN31tyM.js                    23.63 kB │ gzip:   6.46 kB
dist/assets/TelegramResearchSetup-CCDV3xqF.js                25.77 kB │ gzip:   6.62 kB
dist/assets/PromptsManagement-BL2pLewL.js                    26.00 kB │ gzip:   6.80 kB
dist/assets/OperatorPage-mdvixgZq.js                         27.07 kB │ gzip:   7.64 kB
dist/assets/AgentApiManagement-OGbjb6mC.js                   27.94 kB │ gzip:   7.06 kB
dist/assets/IndustryPatternsManagement-COlHSEWI.js           27.99 kB │ gzip:   7.06 kB
dist/assets/operatorPageCopy-BWWutpuB.js                     29.63 kB │ gzip:  11.11 kB
dist/assets/InfluencersPage-CW8wU-o7.js                      31.82 kB │ gzip:   8.25 kB
dist/assets/VeselayaRascheskaOfferPage-B_tawcK_.js           35.40 kB │ gzip:   8.51 kB
dist/assets/ChatsPage-Db3MS1wa.js                            36.15 kB │ gzip:  10.96 kB
dist/assets/router-CRh0hsWA.js                               39.17 kB │ gzip:  14.12 kB
dist/assets/NetworkDashboardPage-Dkz9w9x1.js                 39.74 kB │ gzip:  11.32 kB
dist/assets/DocsPage-kg8H4qWb.js                             40.78 kB │ gzip:  12.07 kB
dist/assets/CompanyRegistry-CxgQAQp4.js                      41.25 kB │ gzip:  11.74 kB
dist/assets/ha-BvuiNXS5.js                                   41.87 kB │ gzip:  15.72 kB
dist/assets/es-BeKlp4aF.js                                   44.45 kB │ gzip:  16.56 kB
dist/assets/de-psuOXfV1.js                                   44.50 kB │ gzip:  16.79 kB
dist/assets/icons-BshG48Ce.js                                46.58 kB │ gzip:  13.90 kB
dist/assets/fr-B3Cy9MoK.js                                   46.75 kB │ gzip:  17.06 kB
dist/assets/CreatorPortalPage-BFWmJaMw.js                    46.86 kB │ gzip:  12.11 kB
dist/assets/demoWorkspaceCopy-Co2A1ASv.js                    47.26 kB │ gzip:  14.72 kB
dist/assets/ar-BGyZGYDb.js                                   48.88 kB │ gzip:  16.90 kB
dist/assets/About-XcbsZKyd.js                                49.40 kB │ gzip:  16.92 kB
dist/assets/WebAnalyticsPage-BaSTRnXP.js                     50.11 kB │ gzip:  16.81 kB
dist/assets/en-CeRwSGdO.js                                   50.41 kB │ gzip:  18.25 kB
dist/assets/tr-DJ0ZFQ8H.js                                   51.74 kB │ gzip:  18.32 kB
dist/assets/ParsingManagement-BjXbLFuV.js                    53.21 kB │ gzip:  10.58 kB
dist/assets/progressPageCopy-pzZME7-u.js                     54.52 kB │ gzip:  17.34 kB
dist/assets/PublicSalesRoomPage-CTB7xTh_.js                  61.13 kB │ gzip:  19.35 kB
dist/assets/TodayPage-ChfISBrD.js                            61.95 kB │ gzip:  19.21 kB
dist/assets/th-CzpYB2at.js                                   63.14 kB │ gzip:  17.66 kB
dist/assets/ProgressPage-Bs0EhgTs.js                         65.18 kB │ gzip:  16.10 kB
dist/assets/ru-B0xT71ET.js                                   65.34 kB │ gzip:  19.04 kB
dist/assets/en-Dy64bY2Y.js                                   66.49 kB │ gzip:  20.77 kB
dist/assets/el-GmjC6k1h.js                                   66.65 kB │ gzip:  20.25 kB
dist/assets/InfluencerPromotionPage-DGRDVaJO.js              67.73 kB │ gzip:  16.84 kB
dist/assets/ProfilePage-e8oJ8H2-.js                          68.41 kB │ gzip:  19.22 kB
dist/assets/ha-CkDxvUpm.js                                   69.01 kB │ gzip:  20.26 kB
dist/assets/tr-CGrmMNJv.js                                   71.65 kB │ gzip:  21.73 kB
dist/assets/de-tqQs1WWa.js                                   75.23 kB │ gzip:  24.03 kB
dist/assets/es-1YJ7Rb_q.js                                   75.24 kB │ gzip:  22.28 kB
dist/assets/DashboardLayout-q-zyMkSM.js                      76.74 kB │ gzip:  25.00 kB
dist/assets/NewsGenerator-B9rjd46a.js                        77.90 kB │ gzip:  21.83 kB
dist/assets/PartnershipLeadDetailDrawer-DagYZSxO.js          78.85 kB │ gzip:  21.34 kB
dist/assets/fr-CJHYV46j.js                                   80.67 kB │ gzip:  23.48 kB
dist/assets/index-BjeibUSx.js                                81.33 kB │ gzip:  24.21 kB
dist/assets/ar-I1Um7AV3.js                                  101.20 kB │ gzip:  24.92 kB
dist/assets/motion-xNZs18m1.js                              110.59 kB │ gzip:  36.47 kB
dist/assets/FinancePage-3B5iFkan.js                         110.85 kB │ gzip:  32.68 kB
dist/assets/SettingsPage-B2JWIzGn.js                        119.78 kB │ gzip:  28.11 kB
dist/assets/Index-BglSuaS2.js                               119.80 kB │ gzip:  37.83 kB
dist/assets/el-BYtXvgOf.js                                  129.14 kB │ gzip:  28.57 kB
dist/assets/useLocalizedArticles-DlMBdrDs.js                152.99 kB │ gzip:  36.77 kB
dist/assets/th-CSPydZU5.js                                  156.80 kB │ gzip:  28.58 kB
dist/assets/guidedTourCopy-DbgR4jNX.js                      164.18 kB │ gzip:  52.36 kB
dist/assets/CardOverviewPage-gzxeK8GJ.js                    166.50 kB │ gzip:  47.05 kB
dist/assets/ContentPage-DNOWKaME.js                         181.69 kB │ gzip:  51.27 kB
dist/assets/Dashboard-DQyOFOrX.js                           184.65 kB │ gzip:  40.32 kB
dist/assets/PartnershipSearchPage-CIWUEFOu.js               193.92 kB │ gzip:  51.95 kB
dist/assets/PublicPartnershipOfferPage-D373iJ_G.js          229.19 kB │ gzip:  62.05 kB
dist/assets/AdminPage-DtjkN3vf.js                           276.51 kB │ gzip:  67.30 kB
dist/assets/charts-B9ZM_Fwp.js                              298.51 kB │ gzip:  67.21 kB
dist/assets/TelegramControlPage-yDhz2aOp.js                 365.39 kB │ gzip:  85.68 kB
dist/assets/AgentBlueprintsPage-B_Cn7NVX.js                 546.23 kB │ gzip: 145.55 kB
dist/assets/vendor-nVrq5eT9.js                              773.06 kB │ gzip: 246.88 kB

(!) Some chunks are larger than 500 kB after minification. Consider:
- Using dynamic import() to code-split the application
- Use build.rollupOptions.output.manualChunks to improve chunking: https://rollupjs.org/configuration-options/#output-manualchunks
- Adjust chunk size limit for this warning via build.chunkSizeWarningLimit.
✓ built in 12.49s

> vite_react_shadcn_ts@0.0.0 build:public
> vite build --config vite.public.config.ts

vite v7.3.5 building client environment for production...
transforming...
✓ 1976 modules transformed.
rendering chunks...
computing gzip size...
public-dist/public-audit/index.html      0.51 kB │ gzip:   0.31 kB
public-dist/assets/index-_7D2sIIz.css  295.85 kB │ gzip:  38.43 kB
public-dist/assets/ha-BvuiNXS5.js       41.87 kB │ gzip:  15.72 kB
public-dist/assets/es-BeKlp4aF.js       44.45 kB │ gzip:  16.56 kB
public-dist/assets/de-psuOXfV1.js       44.50 kB │ gzip:  16.79 kB
public-dist/assets/fr-B3Cy9MoK.js       46.75 kB │ gzip:  17.06 kB
public-dist/assets/ar-BGyZGYDb.js       48.88 kB │ gzip:  16.90 kB
public-dist/assets/en-CeRwSGdO.js       50.41 kB │ gzip:  18.25 kB
public-dist/assets/tr-DJ0ZFQ8H.js       51.74 kB │ gzip:  18.32 kB
public-dist/assets/th-CzpYB2at.js       63.14 kB │ gzip:  17.66 kB
public-dist/assets/ru-B0xT71ET.js       65.34 kB │ gzip:  19.04 kB
public-dist/assets/el-GmjC6k1h.js       66.65 kB │ gzip:  20.25 kB
public-dist/assets/index-CnBHAttJ.js   308.89 kB │ gzip:  86.85 kB
public-dist/assets/vendor-BLgmZYrC.js  320.49 kB │ gzip: 105.58 kB
✓ built in 6.71s
